#
# There is insufficient memory for the Java Runtime Environment to continue.
# Native memory allocation (malloc) failed to allocate 1048576 bytes. Error detail: AllocateHeap
# Possible reasons:
#   The system is out of physical RAM or swap space
# Possible solutions:
#   Reduce memory load on the system
#   Increase physical memory or swap space
#   Check if swap backing store is full
#   Decrease Java heap size (-Xmx/-Xms)
#   Decrease number of Java threads
#   Decrease Java thread stack sizes (-Xss)
#   Set larger code cache with -XX:ReservedCodeCacheSize=
# This output file may be truncated or incomplete.
#
#  Out of Memory Error (allocation.cpp:44), pid=4436, tid=19968
#
# JRE version: OpenJDK Runtime Environment Temurin-21.0.12.1+1 (21.0.12.1+1) (build 21.0.12.1+1-LTS)
# Java VM: OpenJDK 64-Bit Server VM Temurin-21.0.12.1+1 (21.0.12.1+1-LTS, mixed mode, sharing, tiered, compressed class ptrs, parallel gc, windows-amd64)
# No core dump will be written. Minidumps are not enabled by default on client versions of Windows
#

---------------  S U M M A R Y ------------

Command Line: --add-modules=ALL-SYSTEM --add-opens=java.base/java.util=ALL-UNNAMED --add-opens=java.base/java.lang=ALL-UNNAMED --add-opens=java.base/sun.nio.fs=ALL-UNNAMED -Declipse.application=org.eclipse.jdt.ls.core.id1 -Dosgi.bundles.defaultStartLevel=4 -Declipse.product=org.eclipse.jdt.ls.core.product -Djava.import.generatesMetadataFilesAtProjectRoot=false -Dm2e.project.cache.size=50 -DDetectVMInstallationsJob.disabled=true -Dfile.encoding=utf8 -XX:+UseParallelGC -XX:GCTimeRatio=4 -XX:AdaptiveSizePolicyWeight=90 -Dsun.zip.disableMemoryMapping=true -Xmx256G -Xms100m -Xlog:disable -javaagent:c:\Users\Kishore-Gowda\.vscode\extensions\redhat.java-1.56.0-win32-x64\lombok\lombok-1.18.39-4050.jar -XX:+HeapDumpOnOutOfMemoryError -XX:HeapDumpPath=c:\Users\Kishore-Gowda\AppData\Roaming\Code\User\workspaceStorage\7d1937bab65ad11d6f50f6a25cc8bc76\redhat.java -Daether.dependencyCollector.impl=bf c:\Users\Kishore-Gowda\.vscode\extensions\redhat.java-1.56.0-win32-x64\server\plugins\org.eclipse.equinox.launcher_1.8.0.v20260804-1928.jar -configuration c:\Users\Kishore-Gowda\AppData\Roaming\Code\User\globalStorage\redhat.java\1.56.0\config_win -data c:\Users\Kishore-Gowda\AppData\Roaming\Code\User\workspaceStorage\7d1937bab65ad11d6f50f6a25cc8bc76\redhat.java\jdt_ws --pipe=\\.\pipe\lsp-bc3aba52d7be669d9f9c542482d431d8-sock

Host: AMD Ryzen 3 3250U with Radeon Graphics         , 4 cores, 13G,  Windows 11 , 64 bit Build 26100 (10.0.26100.9444)
Time: Wed Sep 23 12:12:34 2026 India Standard Time elapsed time: 3907.074510 seconds (0d 1h 5m 7s)

---------------  T H R E A D  ---------------

Current thread (0x000001ed7a6d9910):  JavaThread "Attach Listener" daemon [_thread_in_vm, id=19968, stack(0x0000005080500000,0x0000005080600000) (1024K)]

Stack: [0x0000005080500000,0x0000005080600000]
Native frames: (J=compiled Java code, j=interpreted, Vv=VM code, C=native code)
V  [jvm.dll+0x6d83e9]
V  [jvm.dll+0x8b5736]
V  [jvm.dll+0x8b7cee]
V  [jvm.dll+0x8b83d3]
V  [jvm.dll+0x284596]
V  [jvm.dll+0xc13c7]
V  [jvm.dll+0x6d8c99]
V  [jvm.dll+0x133616]
V  [jvm.dll+0x3f8aae]
V  [jvm.dll+0x8600cd]
V  [jvm.dll+0x6d6c1d]
C  [ucrtbase.dll+0x2cd30]
C  [KERNEL32.DLL+0x2cd87]
C  [ntdll.dll+0xacaec]


---------------  P R O C E S S  ---------------

Threads class SMR info:
_java_thread_list=0x0000022fd278d4d0, length=30, elements={
0x000001ed7abfd350, 0x000001ed7acae380, 0x000001ed7a6d0e50, 0x000001ed7a6d5960,
0x000001ed7a6d9910, 0x000001ed7a6da6d0, 0x000001ed7a6df140, 0x000001ed7a6e1ee0,
0x000001ed7a762690, 0x0000022fbf9a9e10, 0x0000022fbfaee3a0, 0x0000022fc4492f50,
0x0000022fc47fa2b0, 0x0000022fbfac1f20, 0x0000022fbfab7970, 0x0000022fbfa2eba0,
0x0000022fc4661a60, 0x0000022fc48bc990, 0x000001ed7a72f000, 0x0000022fc62d4be0,
0x0000022fc62d3ec0, 0x0000022fc62d79d0, 0x0000022fc62d9410, 0x0000022fc62d8d80,
0x0000022fc62d86f0, 0x0000022fc62d8060, 0x0000022fc62d9aa0, 0x0000022fc62d6620,
0x0000022fc6d26160, 0x0000022fc63935e0
}

Java Threads: ( => current thread )
  0x000001ed7abfd350 JavaThread "main"                              [_thread_blocked, id=2848, stack(0x00000050ffe00000,0x00000050fff00000) (1024K)]
  0x000001ed7acae380 JavaThread "Reference Handler"          daemon [_thread_blocked, id=16396, stack(0x0000005080200000,0x0000005080300000) (1024K)]
  0x000001ed7a6d0e50 JavaThread "Finalizer"                  daemon [_thread_blocked, id=3580, stack(0x0000005080300000,0x0000005080400000) (1024K)]
  0x000001ed7a6d5960 JavaThread "Signal Dispatcher"          daemon [_thread_blocked, id=20676, stack(0x0000005080400000,0x0000005080500000) (1024K)]
=>0x000001ed7a6d9910 JavaThread "Attach Listener"            daemon [_thread_in_vm, id=19968, stack(0x0000005080500000,0x0000005080600000) (1024K)]
  0x000001ed7a6da6d0 JavaThread "Service Thread"             daemon [_thread_blocked, id=18112, stack(0x0000005080600000,0x0000005080700000) (1024K)]
  0x000001ed7a6df140 JavaThread "Monitor Deflation Thread"   daemon [_thread_blocked, id=20968, stack(0x0000005080700000,0x0000005080800000) (1024K)]
  0x000001ed7a6e1ee0 JavaThread "C2 CompilerThread0"         daemon [_thread_blocked, id=13088, stack(0x0000005080800000,0x0000005080900000) (1024K)]
  0x000001ed7a762690 JavaThread "C1 CompilerThread0"         daemon [_thread_blocked, id=17320, stack(0x0000005080900000,0x0000005080a00000) (1024K)]
  0x0000022fbf9a9e10 JavaThread "Common-Cleaner"             daemon [_thread_blocked, id=20544, stack(0x0000005080a00000,0x0000005080b00000) (1024K)]
  0x0000022fbfaee3a0 JavaThread "Notification Thread"        daemon [_thread_blocked, id=15900, stack(0x0000005080b00000,0x0000005080c00000) (1024K)]
  0x0000022fc4492f50 JavaThread "Active Thread: Equinox Container: 41a9c463-07ca-4a32-87a2-fa358958646b"        [_thread_blocked, id=10580, stack(0x0000005081000000,0x0000005081100000) (1024K)]
  0x0000022fc47fa2b0 JavaThread "Refresh Thread: Equinox Container: 41a9c463-07ca-4a32-87a2-fa358958646b" daemon [_thread_blocked, id=9564, stack(0x0000005080f00000,0x0000005081000000) (1024K)]
  0x0000022fbfac1f20 JavaThread "Framework Event Dispatcher: Equinox Container: 41a9c463-07ca-4a32-87a2-fa358958646b" daemon [_thread_blocked, id=6920, stack(0x0000005081100000,0x0000005081200000) (1024K)]
  0x0000022fbfab7970 JavaThread "Start Level: Equinox Container: 41a9c463-07ca-4a32-87a2-fa358958646b" daemon [_thread_blocked, id=18832, stack(0x0000005081200000,0x0000005081300000) (1024K)]
  0x0000022fbfa2eba0 JavaThread "Bundle File Closer"         daemon [_thread_blocked, id=9064, stack(0x0000005081300000,0x0000005081400000) (1024K)]
  0x0000022fc4661a60 JavaThread "SCR Component Actor"        daemon [_thread_blocked, id=11856, stack(0x0000005081400000,0x0000005081500000) (1024K)]
  0x0000022fc48bc990 JavaThread "Worker-JM"                         [_thread_blocked, id=15132, stack(0x0000005081500000,0x0000005081600000) (1024K)]
  0x000001ed7a72f000 JavaThread "JNA Cleaner"                daemon [_thread_blocked, id=20048, stack(0x0000005081600000,0x0000005081700000) (1024K)]
  0x0000022fc62d4be0 JavaThread "Java indexing"              daemon [_thread_blocked, id=21392, stack(0x0000005081b00000,0x0000005081c00000) (1024K)]
  0x0000022fc62d3ec0 JavaThread "Thread-1"                   daemon [_thread_in_native, id=15548, stack(0x0000005082000000,0x0000005082100000) (1024K)]
  0x0000022fc62d79d0 JavaThread "Thread-2"                   daemon [_thread_in_native, id=5868, stack(0x0000005082100000,0x0000005082200000) (1024K)]
  0x0000022fc62d9410 JavaThread "Thread-3"                   daemon [_thread_in_native, id=9784, stack(0x0000005082200000,0x0000005082300000) (1024K)]
  0x0000022fc62d8d80 JavaThread "Thread-4"                   daemon [_thread_in_native, id=8700, stack(0x0000005082300000,0x0000005082400000) (1024K)]
  0x0000022fc62d86f0 JavaThread "Thread-5"                   daemon [_thread_in_native, id=5216, stack(0x0000005082400000,0x0000005082500000) (1024K)]
  0x0000022fc62d8060 JavaThread "pool-2-thread-1"                   [_thread_blocked, id=13908, stack(0x0000005082500000,0x0000005082600000) (1024K)]
  0x0000022fc62d9aa0 JavaThread "WorkspaceEventsHandler"            [_thread_blocked, id=8984, stack(0x0000005082700000,0x0000005082800000) (1024K)]
  0x0000022fc62d6620 JavaThread "pool-1-thread-1"                   [_thread_blocked, id=14184, stack(0x0000005082800000,0x0000005082900000) (1024K)]
  0x0000022fc6d26160 JavaThread "Worker-8"                          [_thread_blocked, id=21688, stack(0x0000005081800000,0x0000005081900000) (1024K)]
  0x0000022fc63935e0 JavaThread "Worker-10"                         [_thread_blocked, id=5980, stack(0x0000005081c00000,0x0000005081d00000) (1024K)]
Total: 30

Other Threads:
  0x000001ed7a6cf950 VMThread "VM Thread"                           [id=6916, stack(0x0000005080100000,0x0000005080200000) (1024K)]
  0x000001ed7a66ca00 WatcherThread "VM Periodic Task Thread"        [id=19024, stack(0x0000005080000000,0x0000005080100000) (1024K)]
  0x000001ed7ac14b00 WorkerThread "GC Thread#0"                     [id=19972, stack(0x00000050fff00000,0x0000005100000000) (1024K)]
  0x0000022fc4091350 WorkerThread "GC Thread#1"                     [id=1548, stack(0x0000005080c00000,0x0000005080d00000) (1024K)]
  0x0000022fc4091700 WorkerThread "GC Thread#2"                     [id=11332, stack(0x0000005080d00000,0x0000005080e00000) (1024K)]
  0x0000022fc428cbd0 WorkerThread "GC Thread#3"                     [id=14448, stack(0x0000005080e00000,0x0000005080f00000) (1024K)]
Total: 6

Threads with active compile tasks:
Total: 0

VM state: not at safepoint (normal execution)

VM Mutex/Monitor currently owned by a thread: None

OutOfMemory and StackOverflow Exception counts:
OutOfMemoryError java_heap_errors=1
LinkageErrors=131

CDS archive(s) mapped at: [0x0000022f7e000000-0x0000022f7eba0000-0x0000022f7eba0000), size 12189696, SharedBaseAddress: 0x0000022f7e000000, ArchiveRelocationMode: 1.
Compressed class space mapped at: 0x0000022f7f000000-0x0000022fbf000000, reserved size: 1073741824
Narrow klass base: 0x0000022f7e000000, Narrow klass shift: 0, Narrow klass range: 0x100000000

GC Precious Log:
 CardTable entry size: 512
 CPUs: 4 total, 4 available
 Memory: 14278M
 Large Page Support: Disabled
 NUMA Support: Disabled
 Compressed Oops: Disabled
 Alignments: Space 512K, Generation 512K, Heap 2M
 Heap Min Capacity: 100M
 Heap Initial Capacity: 100M
 Heap Max Capacity: 256G
 Pre-touch: Disabled
 Parallel Workers: 4

Heap:
 PSYoungGen      total 3072K, used 2123K [0x0000021828900000, 0x0000021828e00000, 0x0000022d7de00000)
  eden space 1536K, 64% used [0x0000021828900000,0x00000218289f6f08,0x0000021828a80000)
  from space 1536K, 73% used [0x0000021828c80000,0x0000021828d9c010,0x0000021828e00000)
  to   space 1536K, 0% used [0x0000021828b00000,0x0000021828b00000,0x0000021828c80000)
 ParOldGen       total 204800K, used 204543K [0x000001ed7de00000, 0x000001ed8a600000, 0x0000021828900000)
  object space 204800K, 99% used [0x000001ed7de00000,0x000001ed8a5bff68,0x000001ed8a600000)
 Metaspace       used 76191K, committed 77568K, reserved 1179648K
  class space    used 7709K, committed 8320K, reserved 1048576K

Card table byte_map: [0x000001ed0f000000,0x000001ed2f010000] _byte_map_base: 0x000001ec18411000

Marking Bits: (ParMarkBitMap*) 0x00007ffa700444a0
 Begin Bits: [0x0000022d7de00000, 0x0000022e7de00000)
 End Bits:   [0x0000022e7de00000, 0x0000022f7de00000)

Polling page: 0x000001ed789f0000

Metaspace:

Usage:
  Non-class:     66.88 MB used.
      Class:      7.53 MB used.
       Both:     74.41 MB used.

Virtual space:
  Non-class space:      128.00 MB reserved,      67.62 MB ( 53%) committed,  2 nodes.
      Class space:        1.00 GB reserved,       8.12 MB ( <1%) committed,  1 nodes.
             Both:        1.12 GB reserved,      75.75 MB (  7%) committed. 

Chunk freelists:
   Non-Class:  12.36 MB
       Class:  7.83 MB
        Both:  20.19 MB

MaxMetaspaceSize: unlimited
CompressedClassSpaceSize: 1.00 GB
Initial GC threshold: 21.00 MB
Current GC threshold: 118.25 MB
CDS: on
 - commit_granule_bytes: 65536.
 - commit_granule_words: 8192.
 - virtual_space_node_default_size: 8388608.
 - enlarge_chunks_in_place: 1.
 - use_allocation_guard: 0.


Internal statistics:

num_allocs_failed_limit: 9.
num_arena_births: 1508.
num_arena_deaths: 376.
num_vsnodes_births: 3.
num_vsnodes_deaths: 0.
num_space_committed: 1212.
num_space_uncommitted: 0.
num_chunks_returned_to_freelist: 440.
num_chunks_taken_from_freelist: 5244.
num_chunk_merges: 119.
num_chunk_splits: 2998.
num_chunks_enlarged: 1614.
num_inconsistent_stats: 0.

CodeHeap 'non-profiled nmethods': size=120000Kb used=16378Kb max_used=16378Kb free=103621Kb
 bounds [0x000001ed07ad0000, 0x000001ed08ad0000, 0x000001ed0f000000]
CodeHeap 'profiled nmethods': size=120000Kb used=39167Kb max_used=39167Kb free=80832Kb
 bounds [0x000001ed00000000, 0x000001ed02640000, 0x000001ed07530000]
CodeHeap 'non-nmethods': size=5760Kb used=1495Kb max_used=1559Kb free=4264Kb
 bounds [0x000001ed07530000, 0x000001ed077a0000, 0x000001ed07ad0000]
CodeCache: size=245760Kb, used=57040Kb, max_used=57104Kb, free=188717Kb
 total_blobs=16104, nmethods=15288, adapters=719, full_count=0
Compilation: enabled, stopped_count=0, restarted_count=0

Compilation events (20 events):
Event: 3125.169 Thread 0x000001ed7a762690 17607       3       java.security.AccessControlContext::combine (205 bytes)
Event: 3125.170 Thread 0x000001ed7a762690 nmethod 17607 0x000001ed0263ac10 code [0x000001ed0263ae40, 0x000001ed0263b8f0]
Event: 3125.171 Thread 0x000001ed7a762690 17608       3       java.io.ObjectOutputStream$BlockDataOutputStream::setBlockDataMode (35 bytes)
Event: 3125.171 Thread 0x000001ed7a762690 nmethod 17608 0x000001ed0263bc10 code [0x000001ed0263bdc0, 0x000001ed0263bfd8]
Event: 3125.171 Thread 0x000001ed7a762690 17609       3       java.io.ObjectStreamField::getTypeCode (9 bytes)
Event: 3125.172 Thread 0x000001ed7a762690 nmethod 17609 0x000001ed0263c090 code [0x000001ed0263c2a0, 0x000001ed0263c870]
Event: 3125.172 Thread 0x000001ed7a762690 17610       3       java.io.ObjectOutputStream$BlockDataOutputStream::writeByte (33 bytes)
Event: 3125.172 Thread 0x000001ed7a762690 nmethod 17610 0x000001ed0263cb10 code [0x000001ed0263ccc0, 0x000001ed0263ce80]
Event: 3125.172 Thread 0x000001ed7a762690 17611       3       java.lang.ClassValue::getCacheCarefully (20 bytes)
Event: 3125.172 Thread 0x000001ed7a762690 nmethod 17611 0x000001ed0263cf90 code [0x000001ed0263d140, 0x000001ed0263d2d0]
Event: 3125.185 Thread 0x000001ed7a762690 17612       3       org.eclipse.osgi.internal.framework.FilterImpl$Equal::getPrimaryKeyValue (18 bytes)
Event: 3125.185 Thread 0x000001ed7a762690 nmethod 17612 0x000001ed0263d390 code [0x000001ed0263d540, 0x000001ed0263d6f8]
Event: 3429.143 Thread 0x000001ed7a762690 17613       1       org.eclipse.osgi.internal.location.BasicLocation::isReadOnly (5 bytes)
Event: 3429.143 Thread 0x000001ed7a762690 nmethod 17613 0x000001ed08acde90 code [0x000001ed08ace020, 0x000001ed08ace0f0]
Event: 3671.723 Thread 0x000001ed7a762690 17614       3       org.eclipse.jdt.ls.core.internal.filesystem.JLSFile::getChild (121 bytes)
Event: 3671.725 Thread 0x000001ed7a762690 nmethod 17614 0x000001ed0263d810 code [0x000001ed0263dc00, 0x000001ed0263f338]
Event: 3714.853 Thread 0x000001ed7a6e1ee0 17615       4       jdk.internal.misc.CarrierThreadLocal::get (10 bytes)
Event: 3714.855 Thread 0x000001ed7a6e1ee0 nmethod 17615 0x000001ed08ace190 code [0x000001ed08ace340, 0x000001ed08ace4b8]
Event: 3783.076 Thread 0x000001ed7a6e1ee0 17616       4       java.util.concurrent.locks.AbstractQueuedSynchronizer$Node::setStatusRelaxed (12 bytes)
Event: 3783.076 Thread 0x000001ed7a6e1ee0 nmethod 17616 0x000001ed08ace690 code [0x000001ed08ace820, 0x000001ed08ace8b0]

GC Heap History (20 events):
Event: 2844.977 GC heap before
{Heap before GC invocations=650 (full 5):
 PSYoungGen      total 2560K, used 2391K [0x0000021828900000, 0x0000021828d00000, 0x0000022d7de00000)
  eden space 1024K, 99% used [0x0000021828900000,0x00000218289fdcc0,0x0000021828a00000)
  from space 1536K, 89% used [0x0000021828b80000,0x0000021828cd8020,0x0000021828d00000)
  to   space 1536K, 0% used [0x0000021828a00000,0x0000021828a00000,0x0000021828b80000)
 ParOldGen       total 203776K, used 203361K [0x000001ed7de00000, 0x000001ed8a500000, 0x0000021828900000)
  object space 203776K, 99% used [0x000001ed7de00000,0x000001ed8a498528,0x000001ed8a500000)
 Metaspace       used 76184K, committed 77568K, reserved 1179648K
  class space    used 7709K, committed 8320K, reserved 1048576K
}
Event: 2844.979 GC heap after
{Heap after GC invocations=650 (full 5):
 PSYoungGen      total 2560K, used 1392K [0x0000021828900000, 0x0000021828d80000, 0x0000022d7de00000)
  eden space 1024K, 0% used [0x0000021828900000,0x0000021828900000,0x0000021828a00000)
  from space 1536K, 90% used [0x0000021828a00000,0x0000021828b5c010,0x0000021828b80000)
  to   space 1536K, 0% used [0x0000021828c00000,0x0000021828c00000,0x0000021828d80000)
 ParOldGen       total 203776K, used 203661K [0x000001ed7de00000, 0x000001ed8a500000, 0x0000021828900000)
  object space 203776K, 99% used [0x000001ed7de00000,0x000001ed8a4e3678,0x000001ed8a500000)
 Metaspace       used 76184K, committed 77568K, reserved 1179648K
  class space    used 7709K, committed 8320K, reserved 1048576K
}
Event: 2844.982 GC heap before
{Heap before GC invocations=651 (full 5):
 PSYoungGen      total 2560K, used 2416K [0x0000021828900000, 0x0000021828d80000, 0x0000022d7de00000)
  eden space 1024K, 100% used [0x0000021828900000,0x0000021828a00000,0x0000021828a00000)
  from space 1536K, 90% used [0x0000021828a00000,0x0000021828b5c010,0x0000021828b80000)
  to   space 1536K, 0% used [0x0000021828c00000,0x0000021828c00000,0x0000021828d80000)
 ParOldGen       total 203776K, used 203661K [0x000001ed7de00000, 0x000001ed8a500000, 0x0000021828900000)
  object space 203776K, 99% used [0x000001ed7de00000,0x000001ed8a4e3678,0x000001ed8a500000)
 Metaspace       used 76184K, committed 77568K, reserved 1179648K
  class space    used 7709K, committed 8320K, reserved 1048576K
}
Event: 2844.984 GC heap after
{Heap after GC invocations=651 (full 5):
 PSYoungGen      total 2560K, used 1504K [0x0000021828900000, 0x0000021828e80000, 0x0000022d7de00000)
  eden space 1024K, 0% used [0x0000021828900000,0x0000021828900000,0x0000021828a00000)
  from space 1536K, 97% used [0x0000021828c00000,0x0000021828d78020,0x0000021828d80000)
  to   space 2048K, 0% used [0x0000021828a00000,0x0000021828a00000,0x0000021828c00000)
 ParOldGen       total 204288K, used 203861K [0x000001ed7de00000, 0x000001ed8a580000, 0x0000021828900000)
  object space 204288K, 99% used [0x000001ed7de00000,0x000001ed8a515678,0x000001ed8a580000)
 Metaspace       used 76184K, committed 77568K, reserved 1179648K
  class space    used 7709K, committed 8320K, reserved 1048576K
}
Event: 2844.990 GC heap before
{Heap before GC invocations=652 (full 5):
 PSYoungGen      total 2560K, used 2528K [0x0000021828900000, 0x0000021828e80000, 0x0000022d7de00000)
  eden space 1024K, 100% used [0x0000021828900000,0x0000021828a00000,0x0000021828a00000)
  from space 1536K, 97% used [0x0000021828c00000,0x0000021828d78020,0x0000021828d80000)
  to   space 2048K, 0% used [0x0000021828a00000,0x0000021828a00000,0x0000021828c00000)
 ParOldGen       total 204288K, used 203861K [0x000001ed7de00000, 0x000001ed8a580000, 0x0000021828900000)
  object space 204288K, 99% used [0x000001ed7de00000,0x000001ed8a515678,0x000001ed8a580000)
 Metaspace       used 76184K, committed 77568K, reserved 1179648K
  class space    used 7709K, committed 8320K, reserved 1048576K
}
Event: 2844.992 GC heap after
{Heap after GC invocations=652 (full 5):
 PSYoungGen      total 3072K, used 1888K [0x0000021828900000, 0x0000021828e80000, 0x0000022d7de00000)
  eden space 1024K, 0% used [0x0000021828900000,0x0000021828900000,0x0000021828a00000)
  from space 2048K, 92% used [0x0000021828a00000,0x0000021828bd8020,0x0000021828c00000)
  to   space 2048K, 0% used [0x0000021828c80000,0x0000021828c80000,0x0000021828e80000)
 ParOldGen       total 204288K, used 203877K [0x000001ed7de00000, 0x000001ed8a580000, 0x0000021828900000)
  object space 204288K, 99% used [0x000001ed7de00000,0x000001ed8a519678,0x000001ed8a580000)
 Metaspace       used 76184K, committed 77568K, reserved 1179648K
  class space    used 7709K, committed 8320K, reserved 1048576K
}
Event: 2845.420 GC heap before
{Heap before GC invocations=653 (full 5):
 PSYoungGen      total 3072K, used 2912K [0x0000021828900000, 0x0000021828e80000, 0x0000022d7de00000)
  eden space 1024K, 100% used [0x0000021828900000,0x0000021828a00000,0x0000021828a00000)
  from space 2048K, 92% used [0x0000021828a00000,0x0000021828bd8020,0x0000021828c00000)
  to   space 2048K, 0% used [0x0000021828c80000,0x0000021828c80000,0x0000021828e80000)
 ParOldGen       total 204288K, used 203877K [0x000001ed7de00000, 0x000001ed8a580000, 0x0000021828900000)
  object space 204288K, 99% used [0x000001ed7de00000,0x000001ed8a519678,0x000001ed8a580000)
 Metaspace       used 76184K, committed 77568K, reserved 1179648K
  class space    used 7709K, committed 8320K, reserved 1048576K
}
Event: 2845.422 GC heap after
{Heap after GC invocations=653 (full 5):
 PSYoungGen      total 3584K, used 1680K [0x0000021828900000, 0x0000021828e80000, 0x0000022d7de00000)
  eden space 1536K, 0% used [0x0000021828900000,0x0000021828900000,0x0000021828a80000)
  from space 2048K, 82% used [0x0000021828c80000,0x0000021828e24010,0x0000021828e80000)
  to   space 2048K, 0% used [0x0000021828a80000,0x0000021828a80000,0x0000021828c80000)
 ParOldGen       total 204288K, used 203877K [0x000001ed7de00000, 0x000001ed8a580000, 0x0000021828900000)
  object space 204288K, 99% used [0x000001ed7de00000,0x000001ed8a519678,0x000001ed8a580000)
 Metaspace       used 76184K, committed 77568K, reserved 1179648K
  class space    used 7709K, committed 8320K, reserved 1048576K
}
Event: 2845.573 GC heap before
{Heap before GC invocations=654 (full 5):
 PSYoungGen      total 3584K, used 3216K [0x0000021828900000, 0x0000021828e80000, 0x0000022d7de00000)
  eden space 1536K, 100% used [0x0000021828900000,0x0000021828a80000,0x0000021828a80000)
  from space 2048K, 82% used [0x0000021828c80000,0x0000021828e24010,0x0000021828e80000)
  to   space 2048K, 0% used [0x0000021828a80000,0x0000021828a80000,0x0000021828c80000)
 ParOldGen       total 204288K, used 203877K [0x000001ed7de00000, 0x000001ed8a580000, 0x0000021828900000)
  object space 204288K, 99% used [0x000001ed7de00000,0x000001ed8a519678,0x000001ed8a580000)
 Metaspace       used 76185K, committed 77568K, reserved 1179648K
  class space    used 7709K, committed 8320K, reserved 1048576K
}
Event: 2845.575 GC heap after
{Heap after GC invocations=654 (full 5):
 PSYoungGen      total 3584K, used 1968K [0x0000021828900000, 0x0000021828f00000, 0x0000022d7de00000)
  eden space 1536K, 0% used [0x0000021828900000,0x0000021828900000,0x0000021828a80000)
  from space 2048K, 96% used [0x0000021828a80000,0x0000021828c6c010,0x0000021828c80000)
  to   space 2048K, 0% used [0x0000021828d00000,0x0000021828d00000,0x0000021828f00000)
 ParOldGen       total 204288K, used 203933K [0x000001ed7de00000, 0x000001ed8a580000, 0x0000021828900000)
  object space 204288K, 99% used [0x000001ed7de00000,0x000001ed8a527678,0x000001ed8a580000)
 Metaspace       used 76185K, committed 77568K, reserved 1179648K
  class space    used 7709K, committed 8320K, reserved 1048576K
}
Event: 2846.128 GC heap before
{Heap before GC invocations=655 (full 5):
 PSYoungGen      total 3584K, used 3504K [0x0000021828900000, 0x0000021828f00000, 0x0000022d7de00000)
  eden space 1536K, 100% used [0x0000021828900000,0x0000021828a80000,0x0000021828a80000)
  from space 2048K, 96% used [0x0000021828a80000,0x0000021828c6c010,0x0000021828c80000)
  to   space 2048K, 0% used [0x0000021828d00000,0x0000021828d00000,0x0000021828f00000)
 ParOldGen       total 204288K, used 203933K [0x000001ed7de00000, 0x000001ed8a580000, 0x0000021828900000)
  object space 204288K, 99% used [0x000001ed7de00000,0x000001ed8a527678,0x000001ed8a580000)
 Metaspace       used 76185K, committed 77568K, reserved 1179648K
  class space    used 7709K, committed 8320K, reserved 1048576K
}
Event: 2846.131 GC heap after
{Heap after GC invocations=655 (full 5):
 PSYoungGen      total 3584K, used 1760K [0x0000021828900000, 0x0000021828f00000, 0x0000022d7de00000)
  eden space 1536K, 0% used [0x0000021828900000,0x0000021828900000,0x0000021828a80000)
  from space 2048K, 85% used [0x0000021828d00000,0x0000021828eb8020,0x0000021828f00000)
  to   space 2048K, 0% used [0x0000021828a80000,0x0000021828a80000,0x0000021828c80000)
 ParOldGen       total 204288K, used 203949K [0x000001ed7de00000, 0x000001ed8a580000, 0x0000021828900000)
  object space 204288K, 99% used [0x000001ed7de00000,0x000001ed8a52b678,0x000001ed8a580000)
 Metaspace       used 76185K, committed 77568K, reserved 1179648K
  class space    used 7709K, committed 8320K, reserved 1048576K
}
Event: 2846.229 GC heap before
{Heap before GC invocations=656 (full 5):
 PSYoungGen      total 3584K, used 3296K [0x0000021828900000, 0x0000021828f00000, 0x0000022d7de00000)
  eden space 1536K, 100% used [0x0000021828900000,0x0000021828a80000,0x0000021828a80000)
  from space 2048K, 85% used [0x0000021828d00000,0x0000021828eb8020,0x0000021828f00000)
  to   space 2048K, 0% used [0x0000021828a80000,0x0000021828a80000,0x0000021828c80000)
 ParOldGen       total 204288K, used 203949K [0x000001ed7de00000, 0x000001ed8a580000, 0x0000021828900000)
  object space 204288K, 99% used [0x000001ed7de00000,0x000001ed8a52b678,0x000001ed8a580000)
 Metaspace       used 76186K, committed 77568K, reserved 1179648K
  class space    used 7709K, committed 8320K, reserved 1048576K
}
Event: 2846.231 GC heap after
{Heap after GC invocations=656 (full 5):
 PSYoungGen      total 3584K, used 1904K [0x0000021828900000, 0x0000021828e80000, 0x0000022d7de00000)
  eden space 1536K, 0% used [0x0000021828900000,0x0000021828900000,0x0000021828a80000)
  from space 2048K, 92% used [0x0000021828a80000,0x0000021828c5c030,0x0000021828c80000)
  to   space 2048K, 0% used [0x0000021828c80000,0x0000021828c80000,0x0000021828e80000)
 ParOldGen       total 204288K, used 203949K [0x000001ed7de00000, 0x000001ed8a580000, 0x0000021828900000)
  object space 204288K, 99% used [0x000001ed7de00000,0x000001ed8a52b678,0x000001ed8a580000)
 Metaspace       used 76186K, committed 77568K, reserved 1179648K
  class space    used 7709K, committed 8320K, reserved 1048576K
}
Event: 3125.186 GC heap before
{Heap before GC invocations=657 (full 5):
 PSYoungGen      total 3584K, used 3440K [0x0000021828900000, 0x0000021828e80000, 0x0000022d7de00000)
  eden space 1536K, 100% used [0x0000021828900000,0x0000021828a80000,0x0000021828a80000)
  from space 2048K, 92% used [0x0000021828a80000,0x0000021828c5c030,0x0000021828c80000)
  to   space 2048K, 0% used [0x0000021828c80000,0x0000021828c80000,0x0000021828e80000)
 ParOldGen       total 204288K, used 203949K [0x000001ed7de00000, 0x000001ed8a580000, 0x0000021828900000)
  object space 204288K, 99% used [0x000001ed7de00000,0x000001ed8a52b678,0x000001ed8a580000)
 Metaspace       used 76191K, committed 77568K, reserved 1179648K
  class space    used 7709K, committed 8320K, reserved 1048576K
}
Event: 3125.189 GC heap after
{Heap after GC invocations=657 (full 5):
 PSYoungGen      total 3584K, used 1664K [0x0000021828900000, 0x0000021828e80000, 0x0000022d7de00000)
  eden space 1536K, 0% used [0x0000021828900000,0x0000021828900000,0x0000021828a80000)
  from space 2048K, 81% used [0x0000021828c80000,0x0000021828e20020,0x0000021828e80000)
  to   space 2048K, 0% used [0x0000021828a80000,0x0000021828a80000,0x0000021828c80000)
 ParOldGen       total 204288K, used 203949K [0x000001ed7de00000, 0x000001ed8a580000, 0x0000021828900000)
  object space 204288K, 99% used [0x000001ed7de00000,0x000001ed8a52b678,0x000001ed8a580000)
 Metaspace       used 76191K, committed 77568K, reserved 1179648K
  class space    used 7709K, committed 8320K, reserved 1048576K
}
Event: 3660.619 GC heap before
{Heap before GC invocations=658 (full 5):
 PSYoungGen      total 3584K, used 3200K [0x0000021828900000, 0x0000021828e80000, 0x0000022d7de00000)
  eden space 1536K, 99% used [0x0000021828900000,0x0000021828a7fff0,0x0000021828a80000)
  from space 2048K, 81% used [0x0000021828c80000,0x0000021828e20020,0x0000021828e80000)
  to   space 2048K, 0% used [0x0000021828a80000,0x0000021828a80000,0x0000021828c80000)
 ParOldGen       total 204288K, used 203949K [0x000001ed7de00000, 0x000001ed8a580000, 0x0000021828900000)
  object space 204288K, 99% used [0x000001ed7de00000,0x000001ed8a52b678,0x000001ed8a580000)
 Metaspace       used 76191K, committed 77568K, reserved 1179648K
  class space    used 7709K, committed 8320K, reserved 1048576K
}
Event: 3660.622 GC heap after
{Heap after GC invocations=658 (full 5):
 PSYoungGen      total 3584K, used 1552K [0x0000021828900000, 0x0000021828e80000, 0x0000022d7de00000)
  eden space 1536K, 0% used [0x0000021828900000,0x0000021828900000,0x0000021828a80000)
  from space 2048K, 75% used [0x0000021828a80000,0x0000021828c04010,0x0000021828c80000)
  to   space 2048K, 0% used [0x0000021828c80000,0x0000021828c80000,0x0000021828e80000)
 ParOldGen       total 204288K, used 204047K [0x000001ed7de00000, 0x000001ed8a580000, 0x0000021828900000)
  object space 204288K, 99% used [0x000001ed7de00000,0x000001ed8a543f58,0x000001ed8a580000)
 Metaspace       used 76191K, committed 77568K, reserved 1179648K
  class space    used 7709K, committed 8320K, reserved 1048576K
}
Event: 3671.741 GC heap before
{Heap before GC invocations=659 (full 5):
 PSYoungGen      total 3584K, used 3088K [0x0000021828900000, 0x0000021828e80000, 0x0000022d7de00000)
  eden space 1536K, 100% used [0x0000021828900000,0x0000021828a80000,0x0000021828a80000)
  from space 2048K, 75% used [0x0000021828a80000,0x0000021828c04010,0x0000021828c80000)
  to   space 2048K, 0% used [0x0000021828c80000,0x0000021828c80000,0x0000021828e80000)
 ParOldGen       total 204288K, used 204047K [0x000001ed7de00000, 0x000001ed8a580000, 0x0000021828900000)
  object space 204288K, 99% used [0x000001ed7de00000,0x000001ed8a543f58,0x000001ed8a580000)
 Metaspace       used 76191K, committed 77568K, reserved 1179648K
  class space    used 7709K, committed 8320K, reserved 1048576K
}
Event: 3671.743 GC heap after
{Heap after GC invocations=659 (full 5):
 PSYoungGen      total 3072K, used 1136K [0x0000021828900000, 0x0000021828e00000, 0x0000022d7de00000)
  eden space 1536K, 0% used [0x0000021828900000,0x0000021828900000,0x0000021828a80000)
  from space 1536K, 73% used [0x0000021828c80000,0x0000021828d9c010,0x0000021828e00000)
  to   space 1536K, 0% used [0x0000021828b00000,0x0000021828b00000,0x0000021828c80000)
 ParOldGen       total 204800K, used 204543K [0x000001ed7de00000, 0x000001ed8a600000, 0x0000021828900000)
  object space 204800K, 99% used [0x000001ed7de00000,0x000001ed8a5bff68,0x000001ed8a600000)
 Metaspace       used 76191K, committed 77568K, reserved 1179648K
  class space    used 7709K, committed 8320K, reserved 1048576K
}

Dll operation events (20 events):
Event: 1.918 Attempting to load shared library C:\Users\Kishore-Gowda\.vscode\extensions\redhat.java-1.56.0-win32-x64\jre\21.0.12.1-win32-x86_64\bin\nio.dll
Event: 2.289 Loaded shared library C:\Users\Kishore-Gowda\.vscode\extensions\redhat.java-1.56.0-win32-x64\jre\21.0.12.1-win32-x86_64\bin\nio.dll
Event: 2.303 Attempting to load shared library C:\Users\Kishore-Gowda\.vscode\extensions\redhat.java-1.56.0-win32-x64\jre\21.0.12.1-win32-x86_64\bin\zip.dll
Event: 2.303 Loaded shared library C:\Users\Kishore-Gowda\.vscode\extensions\redhat.java-1.56.0-win32-x64\jre\21.0.12.1-win32-x86_64\bin\zip.dll
Event: 2.374 Attempting to load shared library C:\Users\Kishore-Gowda\.vscode\extensions\redhat.java-1.56.0-win32-x64\jre\21.0.12.1-win32-x86_64\bin\jimage.dll
Event: 2.374 Loaded shared library C:\Users\Kishore-Gowda\.vscode\extensions\redhat.java-1.56.0-win32-x64\jre\21.0.12.1-win32-x86_64\bin\jimage.dll
Event: 2.643 Attempting to load shared library c:\Users\Kishore-Gowda\.vscode\extensions\redhat.java-1.56.0-win32-x64\jre\21.0.12.1-win32-x86_64\bin\verify.dll
Event: 2.766 Loaded shared library c:\Users\Kishore-Gowda\.vscode\extensions\redhat.java-1.56.0-win32-x64\jre\21.0.12.1-win32-x86_64\bin\verify.dll
Event: 20.133 Attempting to load shared library C:\Users\Kishore-Gowda\AppData\Roaming\Code\User\globalStorage\redhat.java\1.56.0\config_win\org.eclipse.equinox.launcher\org.eclipse.equinox.launcher.win32.win32.x86_64_1.3.100.v20260804-1928\eclipse_11924.dll
Event: 20.270 Loaded shared library C:\Users\Kishore-Gowda\AppData\Roaming\Code\User\globalStorage\redhat.java\1.56.0\config_win\org.eclipse.equinox.launcher\org.eclipse.equinox.launcher.win32.win32.x86_64_1.3.100.v20260804-1928\eclipse_11924.dll
Event: 36.005 Attempting to load shared library C:\Users\Kishore-Gowda\AppData\Local\Temp\jna--461352050\jna81102413649465948.dll
Event: 36.357 Loaded shared library C:\Users\Kishore-Gowda\AppData\Local\Temp\jna--461352050\jna81102413649465948.dll
Event: 48.632 Attempting to load shared library C:\Users\Kishore-Gowda\.vscode\extensions\redhat.java-1.56.0-win32-x64\jre\21.0.12.1-win32-x86_64\bin\management.dll
Event: 48.634 Loaded shared library C:\Users\Kishore-Gowda\.vscode\extensions\redhat.java-1.56.0-win32-x64\jre\21.0.12.1-win32-x86_64\bin\management.dll
Event: 48.684 Attempting to load shared library C:\Users\Kishore-Gowda\.vscode\extensions\redhat.java-1.56.0-win32-x64\jre\21.0.12.1-win32-x86_64\bin\management_ext.dll
Event: 49.172 Loaded shared library C:\Users\Kishore-Gowda\.vscode\extensions\redhat.java-1.56.0-win32-x64\jre\21.0.12.1-win32-x86_64\bin\management_ext.dll
Event: 50.869 Attempting to load shared library C:\Users\Kishore-Gowda\.vscode\extensions\redhat.java-1.56.0-win32-x64\jre\21.0.12.1-win32-x86_64\bin\sunmscapi.dll
Event: 50.875 Loaded shared library C:\Users\Kishore-Gowda\.vscode\extensions\redhat.java-1.56.0-win32-x64\jre\21.0.12.1-win32-x86_64\bin\sunmscapi.dll
Event: 54.206 Attempting to load shared library C:\Users\Kishore-Gowda\.vscode\extensions\redhat.java-1.56.0-win32-x64\jre\21.0.12.1-win32-x86_64\bin\extnet.dll
Event: 54.207 Loaded shared library C:\Users\Kishore-Gowda\.vscode\extensions\redhat.java-1.56.0-win32-x64\jre\21.0.12.1-win32-x86_64\bin\extnet.dll

Deoptimization events (20 events):
Event: 2842.419 Thread 0x0000022fc6390e80 Uncommon trap: trap_request=0xffffff45 fr.pc=0x000001ed08771790 relative=0x0000000000004e10
Event: 2842.420 Thread 0x0000022fc6390e80 Uncommon trap: reason=unstable_if action=reinterpret pc=0x000001ed08771790 method=org.eclipse.jdt.internal.compiler.lookup.Scope.findField(Lorg/eclipse/jdt/internal/compiler/lookup/TypeBinding;[CLorg/eclipse/jdt/internal/compiler/lookup/InvocationSite;ZZ)
Event: 2842.420 Thread 0x0000022fc6390e80 DEOPT PACKING pc=0x000001ed08771790 sp=0x00000050817fda60
Event: 2842.420 Thread 0x0000022fc6390e80 DEOPT UNPACKING pc=0x000001ed07583aa2 sp=0x00000050817fda00 mode 2
Event: 2842.420 Thread 0x0000022fc6390e80 Uncommon trap: trap_request=0xffffff45 fr.pc=0x000001ed086c7f8c relative=0x0000000000000eac
Event: 2842.420 Thread 0x0000022fc6390e80 Uncommon trap: reason=unstable_if action=reinterpret pc=0x000001ed086c7f8c method=org.eclipse.jdt.internal.compiler.problem.ProblemReporter.getIrritant(I)I @ 1 c2
Event: 2842.420 Thread 0x0000022fc6390e80 DEOPT PACKING pc=0x000001ed086c7f8c sp=0x00000050817fda60
Event: 2842.420 Thread 0x0000022fc6390e80 DEOPT UNPACKING pc=0x000001ed07583aa2 sp=0x00000050817fd9e8 mode 2
Event: 2842.422 Thread 0x0000022fc6391510 Uncommon trap: trap_request=0xffffff3d fr.pc=0x000001ed088db018 relative=0x0000000000000998
Event: 2842.422 Thread 0x0000022fc6391510 Uncommon trap: reason=unstable_fused_if action=reinterpret pc=0x000001ed088db018 method=org.eclipse.jdt.internal.core.SourceMapper.getUnqualifiedTypeSignature(Ljava/lang/String;IILjava/lang/StringBuilder;Z)I @ 31 c2
Event: 2842.422 Thread 0x0000022fc6391510 DEOPT PACKING pc=0x000001ed088db018 sp=0x0000005081dfe3b0
Event: 2842.422 Thread 0x0000022fc6391510 DEOPT UNPACKING pc=0x000001ed07583aa2 sp=0x0000005081dfe358 mode 2
Event: 2843.748 Thread 0x0000022fc62d6620 Uncommon trap: trap_request=0xffffff45 fr.pc=0x000001ed0898075c relative=0x00000000000002bc
Event: 2843.748 Thread 0x0000022fc62d6620 Uncommon trap: reason=unstable_if action=reinterpret pc=0x000001ed0898075c method=org.eclipse.jdt.internal.codeassist.complete.CompletionParser.fetchNextToken()Lorg/eclipse/jdt/internal/compiler/parser/TerminalToken; @ 40 c2
Event: 2843.748 Thread 0x0000022fc62d6620 DEOPT PACKING pc=0x000001ed0898075c sp=0x00000050828fe440
Event: 2843.749 Thread 0x0000022fc62d6620 DEOPT UNPACKING pc=0x000001ed07583aa2 sp=0x00000050828fe3f0 mode 2
Event: 2843.755 Thread 0x0000022fc62d6620 Uncommon trap: trap_request=0xffffff45 fr.pc=0x000001ed089f9198 relative=0x0000000000000858
Event: 2843.755 Thread 0x0000022fc62d6620 Uncommon trap: reason=unstable_if action=reinterpret pc=0x000001ed089f9198 method=org.eclipse.jdt.internal.codeassist.complete.CompletionScanner.getNextToken0()Lorg/eclipse/jdt/internal/compiler/parser/TerminalToken; @ 415 c2
Event: 2843.755 Thread 0x0000022fc62d6620 DEOPT PACKING pc=0x000001ed089f9198 sp=0x00000050828fe340
Event: 2843.755 Thread 0x0000022fc62d6620 DEOPT UNPACKING pc=0x000001ed07583aa2 sp=0x00000050828fe288 mode 2

Classes loaded (20 events):
Event: 380.128 Loading class java/util/function/LongFunction
Event: 380.128 Loading class java/util/function/LongFunction done
Event: 380.128 Loading class java/util/stream/Nodes$ConcNode
Event: 380.129 Loading class java/util/stream/Nodes$AbstractConcNode
Event: 380.129 Loading class java/util/stream/Nodes$AbstractConcNode done
Event: 380.129 Loading class java/util/stream/Nodes$ConcNode done
Event: 380.151 Loading class java/util/stream/Nodes$ToArrayTask$OfRef
Event: 380.151 Loading class java/util/stream/Nodes$ToArrayTask
Event: 380.151 Loading class java/util/stream/Nodes$ToArrayTask done
Event: 380.151 Loading class java/util/stream/Nodes$ToArrayTask$OfRef done
Event: 380.154 Loading class java/io/ObjectOutputStream$BlockDataOutputStream
Event: 380.155 Loading class java/io/ObjectOutputStream$BlockDataOutputStream done
Event: 380.155 Loading class java/io/ObjectOutputStream$HandleTable
Event: 380.155 Loading class java/io/ObjectOutputStream$HandleTable done
Event: 380.155 Loading class java/io/ObjectOutputStream$ReplaceTable
Event: 380.156 Loading class java/io/ObjectOutputStream$ReplaceTable done
Event: 380.204 Loading class java/nio/charset/MalformedInputException
Event: 380.204 Loading class java/nio/charset/MalformedInputException done
Event: 1782.761 Loading class java/nio/channels/CompletionHandler
Event: 1782.761 Loading class java/nio/channels/CompletionHandler done

Classes unloaded (20 events):
Event: 144.487 Thread 0x000001ed7a6cf950 Unloading class 0x0000022f7f014800 'java/lang/invoke/LambdaForm$MH+0x0000022f7f014800'
Event: 144.487 Thread 0x000001ed7a6cf950 Unloading class 0x0000022f7f00d800 'java/lang/invoke/LambdaForm$MH+0x0000022f7f00d800'
Event: 144.487 Thread 0x000001ed7a6cf950 Unloading class 0x0000022f7f00d400 'java/lang/invoke/LambdaForm$MH+0x0000022f7f00d400'
Event: 144.487 Thread 0x000001ed7a6cf950 Unloading class 0x0000022f7f00d000 'java/lang/invoke/LambdaForm$MH+0x0000022f7f00d000'
Event: 144.487 Thread 0x000001ed7a6cf950 Unloading class 0x0000022f7f00cc00 'java/lang/invoke/LambdaForm$MH+0x0000022f7f00cc00'
Event: 144.487 Thread 0x000001ed7a6cf950 Unloading class 0x0000022f7f00c800 'java/lang/invoke/LambdaForm$BMH+0x0000022f7f00c800'
Event: 144.487 Thread 0x000001ed7a6cf950 Unloading class 0x0000022f7f00c000 'java/lang/invoke/LambdaForm$DMH+0x0000022f7f00c000'
Event: 144.487 Thread 0x000001ed7a6cf950 Unloading class 0x0000022f7f008c00 'java/lang/invoke/LambdaForm$MH+0x0000022f7f008c00'
Event: 144.487 Thread 0x000001ed7a6cf950 Unloading class 0x0000022f7f008800 'java/lang/invoke/LambdaForm$MH+0x0000022f7f008800'
Event: 144.487 Thread 0x000001ed7a6cf950 Unloading class 0x0000022f7f008400 'java/lang/invoke/LambdaForm$MH+0x0000022f7f008400'
Event: 144.487 Thread 0x000001ed7a6cf950 Unloading class 0x0000022f7f007000 'java/lang/invoke/LambdaForm$MH+0x0000022f7f007000'
Event: 144.487 Thread 0x000001ed7a6cf950 Unloading class 0x0000022f7f006800 'java/lang/invoke/LambdaForm$MH+0x0000022f7f006800'
Event: 144.487 Thread 0x000001ed7a6cf950 Unloading class 0x0000022f7f006400 'java/lang/invoke/LambdaForm$MH+0x0000022f7f006400'
Event: 144.487 Thread 0x000001ed7a6cf950 Unloading class 0x0000022f7f006000 'java/lang/invoke/LambdaForm$MH+0x0000022f7f006000'
Event: 144.487 Thread 0x000001ed7a6cf950 Unloading class 0x0000022f7f005c00 'java/lang/invoke/LambdaForm$BMH+0x0000022f7f005c00'
Event: 144.487 Thread 0x000001ed7a6cf950 Unloading class 0x0000022f7f004800 'java/lang/invoke/LambdaForm$DMH+0x0000022f7f004800'
Event: 144.487 Thread 0x000001ed7a6cf950 Unloading class 0x0000022f7f002400 'java/lang/invoke/LambdaForm$MH+0x0000022f7f002400'
Event: 144.487 Thread 0x000001ed7a6cf950 Unloading class 0x0000022f7f002000 'java/lang/invoke/LambdaForm$MH+0x0000022f7f002000'
Event: 144.487 Thread 0x000001ed7a6cf950 Unloading class 0x0000022f7f001800 'java/lang/invoke/LambdaForm$MH+0x0000022f7f001800'
Event: 144.487 Thread 0x000001ed7a6cf950 Unloading class 0x0000022f7f000400 'java/lang/invoke/LambdaForm$MH+0x0000022f7f000400'

Classes redefined (0 events):
No events

Internal exceptions (20 events):
Event: 2825.173 Thread 0x0000022fc62d4be0 Exception <a 'java/io/FileNotFoundException'{0x000002182899fa78}> (0x000002182899fa78) 
thrown [s\src\hotspot\share\prims\jni.cpp, line 520]
Event: 2829.179 Thread 0x0000022fc62d4be0 Exception <a 'java/io/FileNotFoundException'{0x00000218289ab7d8}> (0x00000218289ab7d8) 
thrown [s\src\hotspot\share\prims\jni.cpp, line 520]
Event: 2829.181 Thread 0x0000022fc62d4be0 Exception <a 'java/io/FileNotFoundException'{0x00000218289c2b48}> (0x00000218289c2b48) 
thrown [s\src\hotspot\share\prims\jni.cpp, line 520]
Event: 2829.184 Thread 0x0000022fc62d4be0 Exception <a 'java/io/FileNotFoundException'{0x00000218289e4db8}> (0x00000218289e4db8) 
thrown [s\src\hotspot\share\prims\jni.cpp, line 520]
Event: 2831.665 Thread 0x0000022fc62d4be0 Exception <a 'java/io/FileNotFoundException'{0x00000218289b5448}> (0x00000218289b5448) 
thrown [s\src\hotspot\share\prims\jni.cpp, line 520]
Event: 2831.671 Thread 0x0000022fc62d4be0 Exception <a 'java/io/FileNotFoundException'{0x00000218289fa2a8}> (0x00000218289fa2a8) 
thrown [s\src\hotspot\share\prims\jni.cpp, line 520]
Event: 2831.682 Thread 0x0000022fc62d4be0 Exception <a 'java/io/FileNotFoundException'{0x0000021828924f38}> (0x0000021828924f38) 
thrown [s\src\hotspot\share\prims\jni.cpp, line 520]
Event: 2843.578 Thread 0x0000022fc62d4be0 Exception <a 'java/io/FileNotFoundException'{0x00000218289df848}> (0x00000218289df848) 
thrown [s\src\hotspot\share\prims\jni.cpp, line 520]
Event: 2843.614 Thread 0x0000022fc62d4be0 Exception <a 'java/io/FileNotFoundException'{0x0000021828a79188}> (0x0000021828a79188) 
thrown [s\src\hotspot\share\prims\jni.cpp, line 520]
Event: 2843.620 Thread 0x0000022fc62d4be0 Exception <a 'java/io/FileNotFoundException'{0x000002182892da70}> (0x000002182892da70) 
thrown [s\src\hotspot\share\prims\jni.cpp, line 520]
Event: 2843.915 Thread 0x0000022fc62d6620 Exception <a 'java/lang/ArrayIndexOutOfBoundsException'{0x00000218289d3280}: Index 615 out of bounds for length 615> (0x00000218289d3280) 
thrown [s\src\hotspot\share\interpreter\interpreterRuntime.cpp, line 439]
Event: 2843.915 Thread 0x0000022fc62d6620 Exception <a 'java/lang/ArrayIndexOutOfBoundsException'{0x00000218289d3c40}: Index 615 out of bounds for length 615> (0x00000218289d3c40) 
thrown [s\src\hotspot\share\interpreter\interpreterRuntime.cpp, line 439]
Event: 2843.915 Thread 0x0000022fc62d6620 Exception <a 'java/lang/ArrayIndexOutOfBoundsException'{0x00000218289d4070}: Index 616 out of bounds for length 615> (0x00000218289d4070) 
thrown [s\src\hotspot\share\interpreter\interpreterRuntime.cpp, line 439]
Event: 2843.927 Thread 0x0000022fc62d6620 Exception <a 'java/lang/ArrayIndexOutOfBoundsException'{0x0000021828a5a148}: Index 615 out of bounds for length 615> (0x0000021828a5a148) 
thrown [s\src\hotspot\share\interpreter\interpreterRuntime.cpp, line 439]
Event: 2844.090 Thread 0x0000022fc62d6620 Exception <a 'java/lang/ArrayIndexOutOfBoundsException'{0x000002182896a2c0}> (0x000002182896a2c0) 
thrown [s\src\hotspot\share\runtime\sharedRuntime.cpp, line 625]
Event: 2844.107 Thread 0x0000022fc62d6620 Exception <a 'java/lang/ArrayIndexOutOfBoundsException'{0x000002182895fc40}> (0x000002182895fc40) 
thrown [s\src\hotspot\share\runtime\sharedRuntime.cpp, line 625]
Event: 2844.107 Thread 0x0000022fc62d6620 Exception <a 'java/lang/ArrayIndexOutOfBoundsException'{0x000002182898ef10}> (0x000002182898ef10) 
thrown [s\src\hotspot\share\runtime\sharedRuntime.cpp, line 625]
Event: 2845.451 Thread 0x0000022fc62d4be0 Exception <a 'java/io/FileNotFoundException'{0x0000021828999da8}> (0x0000021828999da8) 
thrown [s\src\hotspot\share\prims\jni.cpp, line 520]
Event: 2845.644 Thread 0x0000022fc62d4be0 Exception <a 'java/io/FileNotFoundException'{0x00000218289ffbd8}> (0x00000218289ffbd8) 
thrown [s\src\hotspot\share\prims\jni.cpp, line 520]
Event: 2845.648 Thread 0x0000022fc62d4be0 Exception <a 'java/io/FileNotFoundException'{0x0000021828a2d340}> (0x0000021828a2d340) 
thrown [s\src\hotspot\share\prims\jni.cpp, line 520]

ZGC Phase Switch (0 events):
No events

VM Operations (20 events):
Event: 2887.055 Executing non-safepoint VM operation: HandshakeAllThreads (HandshakeForDeflation)
Event: 2887.056 Executing non-safepoint VM operation: HandshakeAllThreads (HandshakeForDeflation) done
Event: 2887.056 Executing non-safepoint VM operation: RendezvousGCThreads
Event: 2887.056 Executing non-safepoint VM operation: RendezvousGCThreads done
Event: 3038.304 Executing safepoint VM operation: Cleanup
Event: 3038.304 Executing safepoint VM operation: Cleanup done
Event: 3067.213 Executing non-safepoint VM operation: HandshakeAllThreads (HandshakeForDeflation)
Event: 3067.213 Executing non-safepoint VM operation: HandshakeAllThreads (HandshakeForDeflation) done
Event: 3067.213 Executing non-safepoint VM operation: RendezvousGCThreads
Event: 3067.213 Executing non-safepoint VM operation: RendezvousGCThreads done
Event: 3125.186 Executing safepoint VM operation: ParallelGCFailedAllocation (Allocation Failure)
Event: 3125.189 Executing safepoint VM operation: ParallelGCFailedAllocation (Allocation Failure) done
Event: 3127.371 Executing non-safepoint VM operation: HandshakeAllThreads (HandshakeForDeflation)
Event: 3127.371 Executing non-safepoint VM operation: HandshakeAllThreads (HandshakeForDeflation) done
Event: 3127.371 Executing non-safepoint VM operation: RendezvousGCThreads
Event: 3127.371 Executing non-safepoint VM operation: RendezvousGCThreads done
Event: 3660.619 Executing safepoint VM operation: ParallelGCFailedAllocation (Allocation Failure)
Event: 3660.622 Executing safepoint VM operation: ParallelGCFailedAllocation (Allocation Failure) done
Event: 3671.741 Executing safepoint VM operation: ParallelGCFailedAllocation (Allocation Failure)
Event: 3671.743 Executing safepoint VM operation: ParallelGCFailedAllocation (Allocation Failure) done

Memory protections (0 events):
No events

Nmethod flushes (20 events):
Event: 144.549 Thread 0x000001ed7a6cf950 flushing  nmethod 0x000001ed01849e90
Event: 144.549 Thread 0x000001ed7a6cf950 flushing  nmethod 0x000001ed018b0590
Event: 144.549 Thread 0x000001ed7a6cf950 flushing  nmethod 0x000001ed018d1c10
Event: 144.549 Thread 0x000001ed7a6cf950 flushing  nmethod 0x000001ed018e6010
Event: 144.549 Thread 0x000001ed7a6cf950 flushing  nmethod 0x000001ed01924f10
Event: 144.549 Thread 0x000001ed7a6cf950 flushing  nmethod 0x000001ed01959510
Event: 144.549 Thread 0x000001ed7a6cf950 flushing  nmethod 0x000001ed01989b90
Event: 144.549 Thread 0x000001ed7a6cf950 flushing  nmethod 0x000001ed0198a690
Event: 144.549 Thread 0x000001ed7a6cf950 flushing  nmethod 0x000001ed0198f310
Event: 144.549 Thread 0x000001ed7a6cf950 flushing  nmethod 0x000001ed01a0ee90
Event: 144.549 Thread 0x000001ed7a6cf950 flushing  nmethod 0x000001ed01a6d510
Event: 144.549 Thread 0x000001ed7a6cf950 flushing  nmethod 0x000001ed01a6de10
Event: 144.549 Thread 0x000001ed7a6cf950 flushing  nmethod 0x000001ed01a6e290
Event: 144.549 Thread 0x000001ed7a6cf950 flushing  nmethod 0x000001ed01a6ee10
Event: 144.549 Thread 0x000001ed7a6cf950 flushing  nmethod 0x000001ed01a6f310
Event: 144.549 Thread 0x000001ed7a6cf950 flushing  nmethod 0x000001ed01a6f810
Event: 144.549 Thread 0x000001ed7a6cf950 flushing  nmethod 0x000001ed01a6fd10
Event: 144.549 Thread 0x000001ed7a6cf950 flushing  nmethod 0x000001ed01a70a10
Event: 144.549 Thread 0x000001ed7a6cf950 flushing  nmethod 0x000001ed01a71590
Event: 144.549 Thread 0x000001ed7a6cf950 flushing  nmethod 0x000001ed01a74210

Events (20 events):
Event: 2828.328 Thread 0x0000022fc62d6620 Thread added: 0x0000022fc6391510
Event: 2829.304 Thread 0x0000022fc63935e0 Thread added: 0x0000022fc6395d40
Event: 2842.400 Thread 0x0000022fc62d6620 Thread added: 0x0000022fc63963d0
Event: 2857.971 Thread 0x0000022fc6d2b6b0 Thread exited: 0x0000022fc6d2b6b0
Event: 2905.445 Thread 0x0000022fc6390e80 Thread exited: 0x0000022fc6390e80
Event: 2905.583 Thread 0x0000022fc63928c0 Thread exited: 0x0000022fc63928c0
Event: 2965.454 Thread 0x0000022fc6391510 Thread exited: 0x0000022fc6391510
Event: 3025.455 Thread 0x0000022fc63963d0 Thread exited: 0x0000022fc63963d0
Event: 3125.165 Thread 0x0000022fc6d26160 Thread added: 0x0000022fc6390e80
Event: 3125.165 Thread 0x0000022fc6390e80 Thread exited: 0x0000022fc6390e80
Event: 3125.167 Thread 0x0000022fc6d26160 Thread added: 0x0000022fc6390e80
Event: 3125.169 Thread 0x0000022fc6390e80 Thread added: 0x0000022fc6391510
Event: 3125.169 Thread 0x0000022fc6390e80 Thread added: 0x0000022fc63928c0
Event: 3125.172 Thread 0x0000022fc63928c0 Thread exited: 0x0000022fc63928c0
Event: 3125.172 Thread 0x0000022fc6391510 Thread exited: 0x0000022fc6391510
Event: 3125.172 Thread 0x0000022fc6390e80 Thread exited: 0x0000022fc6390e80
Event: 3143.639 Thread 0x0000022fc6395d40 Thread exited: 0x0000022fc6395d40
Event: 3145.584 Thread 0x0000022fc6394990 Thread exited: 0x0000022fc6394990
Event: 3654.775 Thread 0x0000022fc62d6620 Thread added: 0x0000022fc6390e80
Event: 3714.854 Thread 0x0000022fc6390e80 Thread exited: 0x0000022fc6390e80


Dynamic libraries:
0x00007ff7faed0000 - 0x00007ff7faede000 	c:\Users\Kishore-Gowda\.vscode\extensions\redhat.java-1.56.0-win32-x64\jre\21.0.12.1-win32-x86_64\bin\java.exe
0x00007ffb222c0000 - 0x00007ffb22527000 	C:\WINDOWS\SYSTEM32\ntdll.dll
0x00007ffb21a00000 - 0x00007ffb21acb000 	C:\WINDOWS\System32\KERNEL32.DLL
0x00007ffb1f4f0000 - 0x00007ffb1f8f2000 	C:\WINDOWS\System32\KERNELBASE.dll
0x00007ffb1c360000 - 0x00007ffb1c3ff000 	C:\WINDOWS\SYSTEM32\apphelp.dll
0x00007ffb1fdc0000 - 0x00007ffb1ff0c000 	C:\WINDOWS\System32\ucrtbase.dll
0x00007ffaffcb0000 - 0x00007ffaffcc8000 	c:\Users\Kishore-Gowda\.vscode\extensions\redhat.java-1.56.0-win32-x64\jre\21.0.12.1-win32-x86_64\bin\jli.dll
0x00007ffb220a0000 - 0x00007ffb2226f000 	C:\WINDOWS\System32\USER32.dll
0x00007ffb1f4c0000 - 0x00007ffb1f4e7000 	C:\WINDOWS\System32\win32u.dll
0x00007ffb21e90000 - 0x00007ffb21ebb000 	C:\WINDOWS\System32\GDI32.dll
0x00007ffb1f900000 - 0x00007ffb1fa29000 	C:\WINDOWS\System32\gdi32full.dll
0x00007ffb1fa30000 - 0x00007ffb1fad3000 	C:\WINDOWS\System32\msvcp_win.dll
0x00007ffb12620000 - 0x00007ffb1263e000 	c:\Users\Kishore-Gowda\.vscode\extensions\redhat.java-1.56.0-win32-x64\jre\21.0.12.1-win32-x86_64\bin\VCRUNTIME140.dll
0x00007ffb06c40000 - 0x00007ffb06ed0000 	C:\WINDOWS\WinSxS\amd64_microsoft.windows.common-controls_6595b64144ccf1df_6.0.26100.9278_none_3e0d1ba8e3303201\COMCTL32.dll
0x00007ffb211b0000 - 0x00007ffb21259000 	C:\WINDOWS\System32\msvcrt.dll
0x00007ffb208c0000 - 0x00007ffb208f1000 	C:\WINDOWS\System32\IMM32.DLL
0x00007ffb13900000 - 0x00007ffb1390c000 	c:\Users\Kishore-Gowda\.vscode\extensions\redhat.java-1.56.0-win32-x64\jre\21.0.12.1-win32-x86_64\bin\vcruntime140_1.dll
0x00007ffae8dc0000 - 0x00007ffae8e4d000 	c:\Users\Kishore-Gowda\.vscode\extensions\redhat.java-1.56.0-win32-x64\jre\21.0.12.1-win32-x86_64\bin\msvcp140.dll
0x00007ffa6f380000 - 0x00007ffa70122000 	c:\Users\Kishore-Gowda\.vscode\extensions\redhat.java-1.56.0-win32-x64\jre\21.0.12.1-win32-x86_64\bin\server\jvm.dll
0x00007ffb20900000 - 0x00007ffb209bc000 	C:\WINDOWS\System32\ADVAPI32.dll
0x00007ffb21ad0000 - 0x00007ffb21b79000 	C:\WINDOWS\System32\sechost.dll
0x00007ffb21b80000 - 0x00007ffb21c98000 	C:\WINDOWS\System32\RPCRT4.dll
0x00007ffb20d90000 - 0x00007ffb20e10000 	C:\WINDOWS\System32\WS2_32.dll
0x00007ffb1f320000 - 0x00007ffb1f37e000 	C:\WINDOWS\SYSTEM32\POWRPROF.dll
0x00007ffb18750000 - 0x00007ffb18786000 	C:\WINDOWS\SYSTEM32\WINMM.dll
0x00007ffb18790000 - 0x00007ffb1879b000 	C:\WINDOWS\SYSTEM32\VERSION.dll
0x00007ffb1f300000 - 0x00007ffb1f315000 	C:\WINDOWS\SYSTEM32\UMPDC.dll
0x00007ffb1e190000 - 0x00007ffb1e1ab000 	C:\WINDOWS\SYSTEM32\kernel.appcore.dll
0x00007ffb12540000 - 0x00007ffb1254a000 	c:\Users\Kishore-Gowda\.vscode\extensions\redhat.java-1.56.0-win32-x64\jre\21.0.12.1-win32-x86_64\bin\jimage.dll
0x00007ffb13a40000 - 0x00007ffb13c8c000 	C:\WINDOWS\SYSTEM32\DBGHELP.DLL
0x00007ffb20e20000 - 0x00007ffb211a5000 	C:\WINDOWS\System32\combase.dll
0x00007ffb207e0000 - 0x00007ffb208b9000 	C:\WINDOWS\System32\OLEAUT32.dll
0x00007ffb06c00000 - 0x00007ffb06c3b000 	C:\WINDOWS\SYSTEM32\dbgcore.DLL
0x00007ffb1fae0000 - 0x00007ffb1fb8c000 	C:\WINDOWS\System32\bcryptPrimitives.dll
0x00007ffb11250000 - 0x00007ffb1125f000 	c:\Users\Kishore-Gowda\.vscode\extensions\redhat.java-1.56.0-win32-x64\jre\21.0.12.1-win32-x86_64\bin\instrument.dll
0x00007ffafd4e0000 - 0x00007ffafd500000 	c:\Users\Kishore-Gowda\.vscode\extensions\redhat.java-1.56.0-win32-x64\jre\21.0.12.1-win32-x86_64\bin\java.dll
0x00007ffb21260000 - 0x00007ffb219f8000 	C:\WINDOWS\System32\SHELL32.dll
0x00007ffb1cf10000 - 0x00007ffb1d7be000 	C:\WINDOWS\SYSTEM32\windows.storage.dll
0x00007ffb20bb0000 - 0x00007ffb20cab000 	C:\WINDOWS\System32\SHCORE.dll
0x00007ffb20b40000 - 0x00007ffb20ba6000 	C:\WINDOWS\System32\shlwapi.dll
0x00007ffb1f3e0000 - 0x00007ffb1f409000 	C:\WINDOWS\SYSTEM32\profapi.dll
0x00007ffb12520000 - 0x00007ffb12538000 	c:\Users\Kishore-Gowda\.vscode\extensions\redhat.java-1.56.0-win32-x64\jre\21.0.12.1-win32-x86_64\bin\zip.dll
0x00007ffb12510000 - 0x00007ffb12520000 	C:\Users\Kishore-Gowda\.vscode\extensions\redhat.java-1.56.0-win32-x64\jre\21.0.12.1-win32-x86_64\bin\net.dll
0x00007ffb16510000 - 0x00007ffb1663a000 	C:\WINDOWS\SYSTEM32\WINHTTP.dll
0x00007ffb1e750000 - 0x00007ffb1e7bc000 	C:\WINDOWS\system32\mswsock.dll
0x00007ffb124f0000 - 0x00007ffb12506000 	C:\Users\Kishore-Gowda\.vscode\extensions\redhat.java-1.56.0-win32-x64\jre\21.0.12.1-win32-x86_64\bin\nio.dll
0x00007ffb124e0000 - 0x00007ffb124f0000 	c:\Users\Kishore-Gowda\.vscode\extensions\redhat.java-1.56.0-win32-x64\jre\21.0.12.1-win32-x86_64\bin\verify.dll
0x00007ffafc750000 - 0x00007ffafc795000 	C:\Users\Kishore-Gowda\AppData\Roaming\Code\User\globalStorage\redhat.java\1.56.0\config_win\org.eclipse.equinox.launcher\org.eclipse.equinox.launcher.win32.win32.x86_64_1.3.100.v20260804-1928\eclipse_11924.dll
0x00007ffb20490000 - 0x00007ffb2062a000 	C:\WINDOWS\System32\ole32.dll
0x00007ffb1ea40000 - 0x00007ffb1ea5b000 	C:\WINDOWS\SYSTEM32\CRYPTSP.dll
0x00007ffb1e0f0000 - 0x00007ffb1e129000 	C:\WINDOWS\system32\rsaenh.dll
0x00007ffb1e800000 - 0x00007ffb1e834000 	C:\WINDOWS\SYSTEM32\USERENV.dll
0x00007ffb1f3b0000 - 0x00007ffb1f3da000 	C:\WINDOWS\SYSTEM32\bcrypt.dll
0x00007ffb1ea60000 - 0x00007ffb1ea6c000 	C:\WINDOWS\SYSTEM32\CRYPTBASE.dll
0x00007ffb1dbd0000 - 0x00007ffb1dc03000 	C:\WINDOWS\SYSTEM32\IPHLPAPI.DLL
0x00007ffb207c0000 - 0x00007ffb207ca000 	C:\WINDOWS\System32\NSI.dll
0x00007ffafc700000 - 0x00007ffafc749000 	C:\Users\Kishore-Gowda\AppData\Local\Temp\jna--461352050\jna81102413649465948.dll
0x00007ffb207d0000 - 0x00007ffb207d8000 	C:\WINDOWS\System32\PSAPI.DLL
0x00007ffb124d0000 - 0x00007ffb124da000 	C:\Users\Kishore-Gowda\.vscode\extensions\redhat.java-1.56.0-win32-x64\jre\21.0.12.1-win32-x86_64\bin\management.dll
0x00007ffb11350000 - 0x00007ffb1135c000 	C:\Users\Kishore-Gowda\.vscode\extensions\redhat.java-1.56.0-win32-x64\jre\21.0.12.1-win32-x86_64\bin\management_ext.dll
0x00007ffb164e0000 - 0x00007ffb164fd000 	C:\WINDOWS\SYSTEM32\dhcpcsvc6.DLL
0x00007ffb164b0000 - 0x00007ffb164d5000 	C:\WINDOWS\SYSTEM32\dhcpcsvc.DLL
0x00007ffafd440000 - 0x00007ffafd44e000 	C:\Users\Kishore-Gowda\.vscode\extensions\redhat.java-1.56.0-win32-x64\jre\21.0.12.1-win32-x86_64\bin\sunmscapi.dll
0x00007ffb1fc30000 - 0x00007ffb1fdae000 	C:\WINDOWS\System32\CRYPT32.dll
0x00007ffb1ec80000 - 0x00007ffb1ecb0000 	C:\WINDOWS\SYSTEM32\ncrypt.dll
0x00007ffb1ec30000 - 0x00007ffb1ec6f000 	C:\WINDOWS\SYSTEM32\NTASN1.dll
0x00007ffb1dc10000 - 0x00007ffb1dd68000 	C:\WINDOWS\SYSTEM32\DNSAPI.dll
0x00007ffb1e530000 - 0x00007ffb1e53d000 	C:\WINDOWS\SYSTEM32\DSPARSE.dll
0x00007ffb18d60000 - 0x00007ffb18d6b000 	C:\Windows\System32\rasadhlp.dll
0x00007ffb15800000 - 0x00007ffb15886000 	C:\WINDOWS\System32\fwpuclnt.dll
0x00007ffafd420000 - 0x00007ffafd429000 	C:\Users\Kishore-Gowda\.vscode\extensions\redhat.java-1.56.0-win32-x64\jre\21.0.12.1-win32-x86_64\bin\extnet.dll

JVMTI agents:
c:\Users\Kishore-Gowda\.vscode\extensions\redhat.java-1.56.0-win32-x64\lombok\lombok-1.18.39-4050.jar path:c:\Users\Kishore-Gowda\.vscode\extensions\redhat.java-1.56.0-win32-x64\jre\21.0.12.1-win32-x86_64\bin\instrument.dll, loaded, initialized, instrumentlib options:none

dbghelp: loaded successfully - version: 4.0.5 - missing functions: none
symbol engine: initialized successfully - sym options: 0x614 - pdb path: .;c:\Users\Kishore-Gowda\.vscode\extensions\redhat.java-1.56.0-win32-x64\jre\21.0.12.1-win32-x86_64\bin;C:\WINDOWS\SYSTEM32;C:\WINDOWS\WinSxS\amd64_microsoft.windows.common-controls_6595b64144ccf1df_6.0.26100.9278_none_3e0d1ba8e3303201;c:\Users\Kishore-Gowda\.vscode\extensions\redhat.java-1.56.0-win32-x64\jre\21.0.12.1-win32-x86_64\bin\server;C:\Users\Kishore-Gowda\AppData\Roaming\Code\User\globalStorage\redhat.java\1.56.0\config_win\org.eclipse.equinox.launcher\org.eclipse.equinox.launcher.win32.win32.x86_64_1.3.100.v20260804-1928;C:\Users\Kishore-Gowda\AppData\Local\Temp\jna--461352050

VM Arguments:
jvm_args: --add-modules=ALL-SYSTEM --add-opens=java.base/java.util=ALL-UNNAMED --add-opens=java.base/java.lang=ALL-UNNAMED --add-opens=java.base/sun.nio.fs=ALL-UNNAMED -Declipse.application=org.eclipse.jdt.ls.core.id1 -Dosgi.bundles.defaultStartLevel=4 -Declipse.product=org.eclipse.jdt.ls.core.product -Djava.import.generatesMetadataFilesAtProjectRoot=false -Dm2e.project.cache.size=50 -DDetectVMInstallationsJob.disabled=true -Dfile.encoding=utf8 -XX:+UseParallelGC -XX:GCTimeRatio=4 -XX:AdaptiveSizePolicyWeight=90 -Dsun.zip.disableMemoryMapping=true -Xmx256G -Xms100m -Xlog:disable -javaagent:c:\Users\Kishore-Gowda\.vscode\extensions\redhat.java-1.56.0-win32-x64\lombok\lombok-1.18.39-4050.jar -XX:+HeapDumpOnOutOfMemoryError -XX:HeapDumpPath=c:\Users\Kishore-Gowda\AppData\Roaming\Code\User\workspaceStorage\7d1937bab65ad11d6f50f6a25cc8bc76\redhat.java -Daether.dependencyCollector.impl=bf 
java_command: c:\Users\Kishore-Gowda\.vscode\extensions\redhat.java-1.56.0-win32-x64\server\plugins\org.eclipse.equinox.launcher_1.8.0.v20260804-1928.jar -configuration c:\Users\Kishore-Gowda\AppData\Roaming\Code\User\globalStorage\redhat.java\1.56.0\config_win -data c:\Users\Kishore-Gowda\AppData\Roaming\Code\User\workspaceStorage\7d1937bab65ad11d6f50f6a25cc8bc76\redhat.java\jdt_ws --pipe=\\.\pipe\lsp-bc3aba52d7be669d9f9c542482d431d8-sock
java_class_path (initial): c:\Users\Kishore-Gowda\.vscode\extensions\redhat.java-1.56.0-win32-x64\server\plugins\org.eclipse.equinox.launcher_1.8.0.v20260804-1928.jar
Launcher Type: SUN_STANDARD

[Global flags]
    uintx AdaptiveSizePolicyWeight                 = 90                                        {product} {command line}
     intx CICompilerCount                          = 3                                         {product} {ergonomic}
    uintx GCTimeRatio                              = 4                                         {product} {command line}
     bool HeapDumpOnOutOfMemoryError               = true                                   {manageable} {command line}
    ccstr HeapDumpPath                             = c:\Users\Kishore-Gowda\AppData\Roaming\Code\User\workspaceStorage\7d1937bab65ad11d6f50f6a25cc8bc76\redhat.java         {manageable} {command line}
   size_t InitialHeapSize                          = 104857600                                 {product} {command line}
   size_t MaxHeapSize                              = 274877906944                              {product} {command line}
   size_t MaxNewSize                               = 91625619456                               {product} {ergonomic}
   size_t MinHeapDeltaBytes                        = 524288                                    {product} {ergonomic}
   size_t MinHeapSize                              = 104857600                                 {product} {command line}
   size_t NewSize                                  = 34603008                                  {product} {ergonomic}
    uintx NonNMethodCodeHeapSize                   = 5832780                                {pd product} {ergonomic}
    uintx NonProfiledCodeHeapSize                  = 122912730                              {pd product} {ergonomic}
   size_t OldSize                                  = 70254592                                  {product} {ergonomic}
    uintx ProfiledCodeHeapSize                     = 122912730                              {pd product} {ergonomic}
    uintx ReservedCodeCacheSize                    = 251658240                              {pd product} {ergonomic}
     bool SegmentedCodeCache                       = true                                      {product} {ergonomic}
   size_t SoftMaxHeapSize                          = 274877906944                           {manageable} {ergonomic}
     bool UseLargePagesIndividualAllocation        = false                                  {pd product} {ergonomic}
     bool UseParallelGC                            = true                                      {product} {command line}

Logging:
Log output configuration:
 #0: stdout all=off uptime,level,tags foldmultilines=false
 #1: stderr all=off uptime,level,tags foldmultilines=false

Release file:
JAVA_VERSION="21.0.12.1" 
MODULES="java.base java.compiler java.datatransfer java.xml java.prefs java.desktop java.instrument java.logging java.management java.security.sasl java.naming java.rmi java.management.rmi java.net.http java.scripting java.security.jgss java.transaction.xa java.sql java.sql.rowset java.xml.crypto java.se java.smartcardio jdk.accessibility jdk.internal.jvmstat jdk.attach jdk.charsets jdk.internal.opt jdk.zipfs jdk.compiler jdk.crypto.ec jdk.crypto.cryptoki jdk.crypto.mscapi jdk.dynalink jdk.internal.ed jdk.editpad jdk.hotspot.agent jdk.httpserver jdk.internal.le jdk.internal.vm.ci jdk.internal.vm.compiler jdk.internal.vm.compiler.management jdk.jartool jdk.javadoc jdk.jcmd jdk.management jdk.management.agent jdk.jconsole jdk.jdeps jdk.jdwp.agent jdk.jdi jdk.jfr jdk.jshell jdk.jsobject jdk.jstatd jdk.localedata jdk.management.jfr jdk.naming.dns jdk.naming.rmi jdk.net jdk.nio.mapmode jdk.random jdk.sctp jdk.security.auth jdk.security.jgss jdk.unsupported jdk.unsupported.desktop jdk.xml.dom" 

Environment Variables:
PATH=C:\Program Files\Common Files\Oracle\Java\javapath;C:\WINDOWS\system32;C:\WINDOWS;C:\WINDOWS\System32\Wbem;C:\WINDOWS\System32\WindowsPowerShell\v1.0\;C:\WINDOWS\System32\OpenSSH\;C:\Users\Kishore-Gowda\AppData\Local\Programs\Python\Python312;C:\MinGW\bin;C:\Users\Kishore-Gowda\AppData\Roaming\Microsoft\Windows\Start Menu\Programs\Python 3.12\Scripts;C:\Program Files\nodejs\;C:\Program Files\Git\cmd;C:\Strawberry\c\bin;C:\Strawberry\perl\site\bin;C:\Strawberry\perl\bin;C:\Users\Kishore-Gowda\AppData\Local\pnpm;C:\Users\Kishore-Gowda\AppData\Local\Microsoft\WindowsApps;C:\Program Files\JetBrains\PyCharm Community Edition 2024.2.2\bin;;C:\msys64\ucrt64\bin;C:\Users\Kishore-Gowda\.bun\bin;C:\Users\Kishore-Gowda\.bun\bin\bun.exe;C:\Users\Kishore-Gowda\AppData\Local\Python\bin;C:\Users\Kishore-Gowda\AppData\Local\Programs\Microsoft VS Code\bin;C:\Users\Kishore-Gowda\AppData\Roaming\npm
USERNAME=Kishore-Gowda
OS=Windows_NT
PROCESSOR_IDENTIFIER=AMD64 Family 23 Model 24 Stepping 1, AuthenticAMD
TMP=C:\Users\KISHOR~1\AppData\Local\Temp
TEMP=C:\Users\KISHOR~1\AppData\Local\Temp




Periodic native trim disabled

---------------  S Y S T E M  ---------------

OS:
 Windows 11 , 64 bit Build 26100 (10.0.26100.9444)
OS uptime: 9 days 22:15 hours
Hyper-V role detected

CPU: total 4 (initial active 4) (4 cores per cpu, 2 threads per core) family 23 model 24 stepping 1 microcode 0x8108109, cx8, cmov, fxsr, ht, mmx, 3dnowpref, sse, sse2, sse3, ssse3, sse4a, sse4.1, sse4.2, popcnt, lzcnt, tsc, tscinvbit, avx, avx2, aes, clmul, bmi1, bmi2, adx, sha, fma, vzeroupper, clflush, clflushopt, hv, rdtscp, f16c
Processor Information for the first 4 processors :
  Max Mhz: 2600, Current Mhz: 2600, Mhz Limit: 2600

Memory: 4k page, system-wide physical 14278M (5154M free)
TotalPageFile size 40373M (AvailPageFile size 5M)
current process WorkingSet (physical memory assigned to process): 369M, peak: 437M
current process commit charge ("private bytes"): 9194M, peak: 183740M

vm_info: OpenJDK 64-Bit Server VM (21.0.12.1+1-LTS) for windows-amd64 JRE (21.0.12.1+1-LTS), built on 2026-08-18T00:00:00Z by "admin" with MS VC++ 17.12 (VS2022)

END.
